============================================================
  Scopi Card News Plugin — Test Results
  Date: 2026-03-12
============================================================

========== TEST 1: npm install ==========
[PASS] Dependencies installed cleanly (104 packages, 0 vulnerabilities)
       - puppeteer ^24.39.0
       - pdf-lib ^1.17.1

========== TEST 2: design-system.js ==========
[PASS] Test 1: createDesignSystem() no config — width=1080, height=1350, brand=Scopi
[PASS] Test 2: createDesignSystem() with theme midnight-academic — warmBg=#0F1B33, accent=#D4A843
[PASS] Test 3: createDesignSystem() custom dimensions + brand — width=1200, height=1500, brand=TestBrand

========== TEST 3: slide-renderer.js ==========
[PASS] Test 4: createRenderer() has all components — compositeIcon, foxMascot, foxIcon, seriesTag, footer, terminal, accentBlock, card, numberBadge, slideWrapper, DESIGN
[PASS] Test 5: compositeIcon() returns HTML — 392 chars
[PASS] Test 6: foxMascot() returns HTML — 1280 chars
[PASS] Test 7: foxIcon() returns HTML — 619 chars
[PASS] Test 8: seriesTag() returns HTML — 863 chars
[PASS] Test 9: footer() returns HTML — 1548 chars
[PASS] Test 10: terminal() returns HTML — 1162 chars
[PASS] Test 11: accentBlock() returns HTML — 160 chars
[PASS] Test 12: card() returns HTML — 224 chars
[PASS] Test 13: numberBadge() returns HTML — 357 chars
[PASS] Test 14: slideWrapper() returns HTML — 1126 chars

========== TEST 4: Layout components ==========
[PASS] Test 15: hook layout — Valid HTML, 4563 chars
[PASS] Test 16: problem layout — Valid HTML, 5572 chars
[PASS] Test 17: solution layout — Valid HTML, 4855 chars
[PASS] Test 18: demo layout — Valid HTML, 5640 chars
[PASS] Test 19: result layout — Valid HTML, 6752 chars
[PASS] Test 20: tip layout — Valid HTML, 5272 chars
[PASS] Test 21: caution layout — Valid HTML, 5553 chars
[PASS] Test 22: cta layout — Valid HTML, 6026 chars

========== TEST 5: generate.js (PNG + PDF rendering) ==========
[PASS] generateFromHTML() returned 2 PNG paths — slide-01.png, slide-02.png
[PASS] PNG file exists: slide-01.png — 58.6 KB
[PASS] PNG file exists: slide-02.png — 59.6 KB
[PASS] PDF file exists: carousel.pdf — 99.4 KB

========== TEST 6: Theme loading ==========
[PASS] Test 23: Theme warm-scholar — name="Warm Scholar", 22 colors, 3 fonts
[PASS] Test 24: Theme midnight-academic — name="Midnight Academic", 22 colors, 3 fonts
[PASS] Test 25: Theme minimal-mono — name="Minimal Mono", 22 colors, 3 fonts
[PASS] Test 26: Theme tech-neon — name="Tech Neon", 22 colors, 3 fonts
[PASS] Test 27: loadTheme() nonexistent theme — Returns empty object

========== TEST 7: Config loading ==========
[PASS] Test 28: loadConfig() with example config — brand=Scopi, theme=warm-scholar, dims=1080x1350
[PASS] Test 29: createDesignSystem() with example config — Properly merged warm-scholar theme
[PASS] Test 30: loadConfig() missing file — Returns empty object

============================================================
  GRAND TOTAL: 34 tests — 34 PASS, 0 FAIL
  No bugs found. All modules working correctly.
============================================================
